#
# There is insufficient memory for the Java Runtime Environment to continue.
# Native memory allocation (malloc) failed to allocate 219664 bytes. Error detail: Chunk::new
# Possible reasons:
#   The system is out of physical RAM or swap space
#   This process is running with CompressedOops enabled, and the Java Heap may be blocking the growth of the native heap
# Possible solutions:
#   Reduce memory load on the system
#   Increase physical memory or swap space
#   Check if swap backing store is full
#   Decrease Java heap size (-Xmx/-Xms)
#   Decrease number of Java threads
#   Decrease Java thread stack sizes (-Xss)
#   Set larger code cache with -XX:ReservedCodeCacheSize=
#   JVM is running with Unscaled Compressed Oops mode in which the Java heap is
#     placed in the first 4GB address space. The Java Heap base address is the
#     maximum limit for the native heap growth. Please use -XX:HeapBaseMinAddress
#     to set the Java Heap base and to place the Java Heap above 4GB virtual address.
# This output file may be truncated or incomplete.
#
#  Out of Memory Error (arena.cpp:168), pid=17180, tid=12540
#
# JRE version: OpenJDK Runtime Environment Temurin-21.0.11+10 (21.0.11+10) (build 21.0.11+10-LTS)
# Java VM: OpenJDK 64-Bit Server VM Temurin-21.0.11+10 (21.0.11+10-LTS, mixed mode, sharing, tiered, compressed oops, compressed class ptrs, parallel gc, windows-amd64)
# No core dump will be written. Minidumps are not enabled by default on client versions of Windows
#

---------------  S U M M A R Y ------------

Command Line: --add-modules=ALL-SYSTEM --add-opens=java.base/java.util=ALL-UNNAMED --add-opens=java.base/java.lang=ALL-UNNAMED --add-opens=java.base/sun.nio.fs=ALL-UNNAMED -Declipse.application=org.eclipse.jdt.ls.core.id1 -Dosgi.bundles.defaultStartLevel=4 -Declipse.product=org.eclipse.jdt.ls.core.product -Djava.import.generatesMetadataFilesAtProjectRoot=false -DDetectVMInstallationsJob.disabled=true -Dfile.encoding=utf8 -XX:+UseParallelGC -XX:GCTimeRatio=4 -XX:AdaptiveSizePolicyWeight=90 -Dsun.zip.disableMemoryMapping=true -Xmx2G -Xms100m -Xlog:disable -javaagent:c:\Users\dell\.vscode\extensions\redhat.java-1.55.0-win32-x64\lombok\lombok-1.18.39-4050.jar -XX:+HeapDumpOnOutOfMemoryError -XX:HeapDumpPath=c:\Users\dell\AppData\Roaming\Code\User\workspaceStorage\4b63d88c74b9dc77c269ff69c6fe27af\redhat.java -Daether.dependencyCollector.impl=bf c:\Users\dell\.vscode\extensions\redhat.java-1.55.0-win32-x64\server\plugins\org.eclipse.equinox.launcher_1.7.200.v20260619-2039.jar -configuration c:\Users\dell\AppData\Roaming\Code\User\globalStorage\redhat.java\1.55.0\config_win -data c:\Users\dell\AppData\Roaming\Code\User\workspaceStorage\4b63d88c74b9dc77c269ff69c6fe27af\redhat.java\jdt_ws --pipe=\\.\pipe\lsp-b4fa0f79349b58b69381eef6da5521da-sock

Host: Intel(R) Core(TM) i7-8850H CPU @ 2.60GHz, 12 cores, 15G,  Windows 11 , 64 bit Build 26100 (10.0.26100.8875)
Time: Wed Jul 29 21:17:45 2026 Egypt Daylight Time elapsed time: 165.512966 seconds (0d 0h 2m 45s)

---------------  T H R E A D  ---------------

Current thread (0x0000028011573fc0):  JavaThread "C2 CompilerThread0" daemon [_thread_in_native, id=12540, stack(0x000000a45f200000,0x000000a45f300000) (1024K)]


Current CompileTask:
C2:165513 18567       4       org.eclipse.jdt.internal.compiler.lookup.SplitPackageBinding::getPackage0 (109 bytes)

Stack: [0x000000a45f200000,0x000000a45f300000]
Native frames: (J=compiled Java code, j=interpreted, Vv=VM code, C=native code)
V  [jvm.dll+0x6d7e19]
V  [jvm.dll+0x8b5096]
V  [jvm.dll+0x8b764e]
V  [jvm.dll+0x8b7d33]
V  [jvm.dll+0x284596]
V  [jvm.dll+0xc685d]
V  [jvm.dll+0xc6da1]
V  [jvm.dll+0x3bed6b]
V  [jvm.dll+0x1e4149]
V  [jvm.dll+0x24c853]
V  [jvm.dll+0x24bce0]
V  [jvm.dll+0x1cb4ae]
V  [jvm.dll+0x25baad]
V  [jvm.dll+0x25a03a]
V  [jvm.dll+0x3f868e]
V  [jvm.dll+0x85fb0d]
V  [jvm.dll+0x6d664d]
C  [ucrtbase.dll+0x2cd30]
C  [KERNEL32.DLL+0x2e957]
C  [ntdll.dll+0xaad6c]


---------------  P R O C E S S  ---------------

Threads class SMR info:
_java_thread_list=0x000002801bb5f7b0, length=72, elements={
0x0000027fb880f9e0, 0x0000027fb88b3cc0, 0x0000027fb88b6fb0, 0x0000027fb88b83b0,
0x0000027fb88b92c0, 0x0000027fb88bf600, 0x0000027fb88c5b90, 0x0000028011573fc0,
0x0000027fb88ce8a0, 0x000002801176bcb0, 0x00000280117cd100, 0x00000280172372b0,
0x0000028017391910, 0x00000280170beee0, 0x0000028012b0e6c0, 0x00000280127b4240,
0x0000028011701ae0, 0x00000280116d9b40, 0x00000280170b9490, 0x00000280170b6010,
0x00000280170b80e0, 0x00000280170b6d30, 0x00000280170b66a0, 0x00000280170b7a50,
0x00000280170b8770, 0x00000280170b8e00, 0x000002801a01fe70, 0x000002801a01eac0,
0x000002801a0218b0, 0x000002801a021220, 0x000002801a01e430, 0x000002801a0225d0,
0x000002801a020500, 0x000002801a01f7e0, 0x000002801a020b90, 0x000002801a021f40,
0x000002801a01f150, 0x000002801a0246a0, 0x000002801a0232f0, 0x000002801a023980,
0x000002801a024010, 0x000002801a024d30, 0x000002801a0253c0, 0x000002801a025a50,
0x000002801a022c60, 0x00000280185e7aa0, 0x00000280185e8e50, 0x00000280185e94e0,
0x00000280185e8130, 0x00000280185e6060, 0x00000280185e6d80, 0x00000280185e9b70,
0x00000280185ea890, 0x00000280185eb5b0, 0x00000280185e87c0, 0x00000280185ec2d0,
0x00000280185ec960, 0x00000280185ed680, 0x00000280185ecff0, 0x000002801b52f310,
0x000002801b5306c0, 0x000002801b52f9a0, 0x000002801b530030, 0x000002801b5341d0,
0x000002801c17dc10, 0x000002801c17d580, 0x000002801c181090, 0x000002801c180a00,
0x000002801c17fce0, 0x000002801c17f650, 0x000002801c180370, 0x000002801c181db0
}

Java Threads: ( => current thread )
  0x0000027fb880f9e0 JavaThread "main"                              [_thread_blocked, id=22792, stack(0x000000a45e800000,0x000000a45e900000) (1024K)]
  0x0000027fb88b3cc0 JavaThread "Reference Handler"          daemon [_thread_blocked, id=2816, stack(0x000000a45ec00000,0x000000a45ed00000) (1024K)]
  0x0000027fb88b6fb0 JavaThread "Finalizer"                  daemon [_thread_blocked, id=13520, stack(0x000000a45ed00000,0x000000a45ee00000) (1024K)]
  0x0000027fb88b83b0 JavaThread "Signal Dispatcher"          daemon [_thread_blocked, id=25808, stack(0x000000a45ee00000,0x000000a45ef00000) (1024K)]
  0x0000027fb88b92c0 JavaThread "Attach Listener"            daemon [_thread_blocked, id=17240, stack(0x000000a45ef00000,0x000000a45f000000) (1024K)]
  0x0000027fb88bf600 JavaThread "Service Thread"             daemon [_thread_blocked, id=2088, stack(0x000000a45f000000,0x000000a45f100000) (1024K)]
  0x0000027fb88c5b90 JavaThread "Monitor Deflation Thread"   daemon [_thread_blocked, id=26392, stack(0x000000a45f100000,0x000000a45f200000) (1024K)]
=>0x0000028011573fc0 JavaThread "C2 CompilerThread0"         daemon [_thread_in_native, id=12540, stack(0x000000a45f200000,0x000000a45f300000) (1024K)]
  0x0000027fb88ce8a0 JavaThread "C1 CompilerThread0"         daemon [_thread_blocked, id=25968, stack(0x000000a45f300000,0x000000a45f400000) (1024K)]
  0x000002801176bcb0 JavaThread "Common-Cleaner"             daemon [_thread_blocked, id=8528, stack(0x000000a45f400000,0x000000a45f500000) (1024K)]
  0x00000280117cd100 JavaThread "Notification Thread"        daemon [_thread_blocked, id=24136, stack(0x000000a45f600000,0x000000a45f700000) (1024K)]
  0x00000280172372b0 JavaThread "Active Thread: Equinox Container: 3f415151-2d47-44e6-a4dd-e6895e1966a2"        [_thread_blocked, id=16144, stack(0x000000a45f700000,0x000000a45f800000) (1024K)]
  0x0000028017391910 JavaThread "Refresh Thread: Equinox Container: 3f415151-2d47-44e6-a4dd-e6895e1966a2" daemon [_thread_blocked, id=25020, stack(0x000000a45fe00000,0x000000a45ff00000) (1024K)]
  0x00000280170beee0 JavaThread "Framework Event Dispatcher: Equinox Container: 3f415151-2d47-44e6-a4dd-e6895e1966a2" daemon [_thread_blocked, id=8560, stack(0x000000a45ff00000,0x000000a460000000) (1024K)]
  0x0000028012b0e6c0 JavaThread "Start Level: Equinox Container: 3f415151-2d47-44e6-a4dd-e6895e1966a2" daemon [_thread_blocked, id=4076, stack(0x000000a460000000,0x000000a460100000) (1024K)]
  0x00000280127b4240 JavaThread "Bundle File Closer"         daemon [_thread_blocked, id=13744, stack(0x000000a460100000,0x000000a460200000) (1024K)]
  0x0000028011701ae0 JavaThread "SCR Component Actor"        daemon [_thread_blocked, id=26904, stack(0x000000a460400000,0x000000a460500000) (1024K)]
  0x00000280116d9b40 JavaThread "Worker-JM"                         [_thread_blocked, id=3396, stack(0x000000a460700000,0x000000a460800000) (1024K)]
  0x00000280170b9490 JavaThread "JNA Cleaner"                daemon [_thread_blocked, id=24580, stack(0x000000a460600000,0x000000a460700000) (1024K)]
  0x00000280170b6010 JavaThread "Worker-0"                          [_thread_blocked, id=3756, stack(0x000000a460800000,0x000000a460900000) (1024K)]
  0x00000280170b80e0 JavaThread "Worker-1"                          [_thread_blocked, id=24728, stack(0x000000a460900000,0x000000a460a00000) (1024K)]
  0x00000280170b6d30 JavaThread "Java indexing"              daemon [_thread_blocked, id=26820, stack(0x000000a460b00000,0x000000a460c00000) (1024K)]
  0x00000280170b66a0 JavaThread "Worker-2"                          [_thread_blocked, id=10012, stack(0x000000a460c00000,0x000000a460d00000) (1024K)]
  0x00000280170b7a50 JavaThread "Worker-3"                          [_thread_blocked, id=24212, stack(0x000000a461000000,0x000000a461100000) (1024K)]
  0x00000280170b8770 JavaThread "Worker-4"                          [_thread_blocked, id=25520, stack(0x000000a461100000,0x000000a461200000) (1024K)]
  0x00000280170b8e00 JavaThread "Thread-1"                   daemon [_thread_in_native, id=24296, stack(0x000000a461200000,0x000000a461300000) (1024K)]
  0x000002801a01fe70 JavaThread "Thread-2"                   daemon [_thread_in_native, id=21400, stack(0x000000a461300000,0x000000a461400000) (1024K)]
  0x000002801a01eac0 JavaThread "Thread-3"                   daemon [_thread_in_native, id=21760, stack(0x000000a461400000,0x000000a461500000) (1024K)]
  0x000002801a0218b0 JavaThread "Thread-4"                   daemon [_thread_in_native, id=20464, stack(0x000000a461500000,0x000000a461600000) (1024K)]
  0x000002801a021220 JavaThread "Thread-5"                   daemon [_thread_in_native, id=18420, stack(0x000000a461600000,0x000000a461700000) (1024K)]
  0x000002801a01e430 JavaThread "Thread-6"                   daemon [_thread_in_native, id=23200, stack(0x000000a461700000,0x000000a461800000) (1024K)]
  0x000002801a0225d0 JavaThread "Thread-7"                   daemon [_thread_in_native, id=11240, stack(0x000000a461800000,0x000000a461900000) (1024K)]
  0x000002801a020500 JavaThread "Thread-8"                   daemon [_thread_in_native, id=19700, stack(0x000000a461900000,0x000000a461a00000) (1024K)]
  0x000002801a01f7e0 JavaThread "Thread-9"                   daemon [_thread_in_native, id=3860, stack(0x000000a461a00000,0x000000a461b00000) (1024K)]
  0x000002801a020b90 JavaThread "Thread-10"                  daemon [_thread_in_native, id=15372, stack(0x000000a461b00000,0x000000a461c00000) (1024K)]
  0x000002801a021f40 JavaThread "Thread-11"                  daemon [_thread_in_native, id=20668, stack(0x000000a461c00000,0x000000a461d00000) (1024K)]
  0x000002801a01f150 JavaThread "Thread-12"                  daemon [_thread_in_native, id=2260, stack(0x000000a461d00000,0x000000a461e00000) (1024K)]
  0x000002801a0246a0 JavaThread "Thread-13"                  daemon [_thread_in_native, id=10364, stack(0x000000a461e00000,0x000000a461f00000) (1024K)]
  0x000002801a0232f0 JavaThread "pool-2-thread-1"                   [_thread_blocked, id=21512, stack(0x000000a461f00000,0x000000a462000000) (1024K)]
  0x000002801a023980 JavaThread "WorkspaceEventsHandler"            [_thread_blocked, id=12940, stack(0x000000a462000000,0x000000a462100000) (1024K)]
  0x000002801a024010 JavaThread "pool-1-thread-1"                   [_thread_blocked, id=5208, stack(0x000000a462100000,0x000000a462200000) (1024K)]
  0x000002801a024d30 JavaThread "PatternSearchJob-worker-1"  daemon [_thread_blocked, id=26944, stack(0x000000a462200000,0x000000a462300000) (1024K)]
  0x000002801a0253c0 JavaThread "PatternSearchJob-worker-2"  daemon [_thread_blocked, id=2612, stack(0x000000a462300000,0x000000a462400000) (1024K)]
  0x000002801a025a50 JavaThread "PatternSearchJob-worker-3"  daemon [_thread_blocked, id=13940, stack(0x000000a462400000,0x000000a462500000) (1024K)]
  0x000002801a022c60 JavaThread "PatternSearchJob-worker-4"  daemon [_thread_blocked, id=22128, stack(0x000000a462500000,0x000000a462600000) (1024K)]
  0x00000280185e7aa0 JavaThread "PatternSearchJob-worker-5"  daemon [_thread_blocked, id=27544, stack(0x000000a462600000,0x000000a462700000) (1024K)]
  0x00000280185e8e50 JavaThread "PatternSearchJob-worker-6"  daemon [_thread_blocked, id=14876, stack(0x000000a462700000,0x000000a462800000) (1024K)]
  0x00000280185e94e0 JavaThread "PatternSearchJob-worker-7"  daemon [_thread_blocked, id=12504, stack(0x000000a462800000,0x000000a462900000) (1024K)]
  0x00000280185e8130 JavaThread "PatternSearchJob-worker-9"  daemon [_thread_blocked, id=5964, stack(0x000000a462900000,0x000000a462a00000) (1024K)]
  0x00000280185e6060 JavaThread "PatternSearchJob-worker-8"  daemon [_thread_blocked, id=22880, stack(0x000000a462a00000,0x000000a462b00000) (1024K)]
  0x00000280185e6d80 JavaThread "PatternSearchJob-worker-10" daemon [_thread_blocked, id=5872, stack(0x000000a462b00000,0x000000a462c00000) (1024K)]
  0x00000280185e9b70 JavaThread "PatternSearchJob-worker-11" daemon [_thread_blocked, id=21144, stack(0x000000a462c00000,0x000000a462d00000) (1024K)]
  0x00000280185ea890 JavaThread "ForkJoinPool.commonPool-worker-1" daemon [_thread_blocked, id=17952, stack(0x000000a462d00000,0x000000a462e00000) (1024K)]
  0x00000280185eb5b0 JavaThread "ForkJoinPool.commonPool-worker-2" daemon [_thread_blocked, id=5372, stack(0x000000a462e00000,0x000000a462f00000) (1024K)]
  0x00000280185e87c0 JavaThread "ForkJoinPool.commonPool-worker-3" daemon [_thread_blocked, id=13996, stack(0x000000a462f00000,0x000000a463000000) (1024K)]
  0x00000280185ec2d0 JavaThread "ForkJoinPool.commonPool-worker-4" daemon [_thread_blocked, id=2008, stack(0x000000a463000000,0x000000a463100000) (1024K)]
  0x00000280185ec960 JavaThread "ForkJoinPool.commonPool-worker-5" daemon [_thread_blocked, id=21740, stack(0x000000a463100000,0x000000a463200000) (1024K)]
  0x00000280185ed680 JavaThread "ForkJoinPool.commonPool-worker-6" daemon [_thread_blocked, id=6612, stack(0x000000a463200000,0x000000a463300000) (1024K)]
  0x00000280185ecff0 JavaThread "ForkJoinPool.commonPool-worker-7" daemon [_thread_blocked, id=7728, stack(0x000000a463300000,0x000000a463400000) (1024K)]
  0x000002801b52f310 JavaThread "ForkJoinPool.commonPool-worker-8" daemon [_thread_blocked, id=3008, stack(0x000000a463400000,0x000000a463500000) (1024K)]
  0x000002801b5306c0 JavaThread "ForkJoinPool.commonPool-worker-9" daemon [_thread_blocked, id=4148, stack(0x000000a463500000,0x000000a463600000) (1024K)]
  0x000002801b52f9a0 JavaThread "ForkJoinPool.commonPool-worker-10" daemon [_thread_in_Java, id=18116, stack(0x000000a463600000,0x000000a463700000) (1024K)]
  0x000002801b530030 JavaThread "ForkJoinPool.commonPool-worker-11" daemon [_thread_blocked, id=14736, stack(0x000000a463700000,0x000000a463800000) (1024K)]
  0x000002801b5341d0 JavaThread "Worker-5"                          [_thread_blocked, id=25900, stack(0x000000a463800000,0x000000a463900000) (1024K)]
  0x000002801c17dc10 JavaThread "Cleaner-0"                  daemon [_thread_blocked, id=23220, stack(0x000000a463e00000,0x000000a463f00000) (1024K)]
  0x000002801c17d580 JavaThread "Worker-6"                          [_thread_blocked, id=9996, stack(0x000000a45e500000,0x000000a45e600000) (1024K)]
  0x000002801c181090 JavaThread "Compiler Source File Reader" daemon [_thread_blocked, id=16424, stack(0x000000a460500000,0x000000a460600000) (1024K)]
  0x000002801c180a00 JavaThread "Compiler Source File Reader" daemon [_thread_blocked, id=19084, stack(0x000000a460a00000,0x000000a460b00000) (1024K)]
  0x000002801c17fce0 JavaThread "Compiler Source File Reader" daemon [_thread_blocked, id=19984, stack(0x000000a463900000,0x000000a463a00000) (1024K)]
  0x000002801c17f650 JavaThread "Compiler Processing Task"   daemon [_thread_blocked, id=14844, stack(0x000000a463a00000,0x000000a463b00000) (1024K)]
  0x000002801c180370 JavaThread "LocalFile Deleter"          daemon [_thread_blocked, id=14372, stack(0x000000a45e600000,0x000000a45e700000) (1024K)]
  0x000002801c181db0 JavaThread "LocalFile Deleter"          daemon [_thread_blocked, id=15912, stack(0x000000a45e700000,0x000000a45e800000) (1024K)]
Total: 72

Other Threads:
  0x0000027fb88aebe0 VMThread "VM Thread"                           [id=2064, stack(0x000000a45eb00000,0x000000a45ec00000) (1024K)]
  0x0000027fb869ba00 WatcherThread "VM Periodic Task Thread"        [id=25364, stack(0x000000a45ea00000,0x000000a45eb00000) (1024K)]
  0x0000027fb882f060 WorkerThread "GC Thread#0"                     [id=396, stack(0x000000a45e900000,0x000000a45ea00000) (1024K)]
  0x00000280128d0fb0 WorkerThread "GC Thread#1"                     [id=4676, stack(0x000000a45f800000,0x000000a45f900000) (1024K)]
  0x00000280129cc8a0 WorkerThread "GC Thread#2"                     [id=14760, stack(0x000000a45f900000,0x000000a45fa00000) (1024K)]
  0x00000280129ccc50 WorkerThread "GC Thread#3"                     [id=16480, stack(0x000000a45fa00000,0x000000a45fb00000) (1024K)]
  0x00000280125280f0 WorkerThread "GC Thread#4"                     [id=14236, stack(0x000000a45fb00000,0x000000a45fc00000) (1024K)]
  0x00000280125284a0 WorkerThread "GC Thread#5"                     [id=25064, stack(0x000000a45fc00000,0x000000a45fd00000) (1024K)]
  0x0000028012901e50 WorkerThread "GC Thread#6"                     [id=20772, stack(0x000000a45fd00000,0x000000a45fe00000) (1024K)]
  0x00000280115a9180 WorkerThread "GC Thread#7"                     [id=18708, stack(0x000000a45f500000,0x000000a45f600000) (1024K)]
  0x00000280127b4d70 WorkerThread "GC Thread#8"                     [id=24076, stack(0x000000a460200000,0x000000a460300000) (1024K)]
  0x00000280129a7500 WorkerThread "GC Thread#9"                     [id=16796, stack(0x000000a460300000,0x000000a460400000) (1024K)]
Total: 12

Threads with active compile tasks:
C2 CompilerThread0  165572 18567       4       org.eclipse.jdt.internal.compiler.lookup.SplitPackageBinding::getPackage0 (109 bytes)
Total: 1

VM state: not at safepoint (normal execution)

VM Mutex/Monitor currently owned by a thread: None

Heap address: 0x0000000080000000, size: 2048 MB, Compressed Oops mode: 32-bit

CDS archive(s) mapped at: [0x0000027fd0000000-0x0000027fd0ba0000-0x0000027fd0ba0000), size 12189696, SharedBaseAddress: 0x0000027fd0000000, ArchiveRelocationMode: 1.
Compressed class space mapped at: 0x0000027fd1000000-0x0000028011000000, reserved size: 1073741824
Narrow klass base: 0x0000027fd0000000, Narrow klass shift: 0, Narrow klass range: 0x100000000

GC Precious Log:
 CardTable entry size: 512
 CPUs: 12 total, 12 available
 Memory: 16133M
 Large Page Support: Disabled
 NUMA Support: Disabled
 Compressed Oops: Enabled (32-bit)
 Alignments: Space 512K, Generation 512K, Heap 2M
 Heap Min Capacity: 100M
 Heap Initial Capacity: 100M
 Heap Max Capacity: 2G
 Pre-touch: Disabled
 Parallel Workers: 10

Heap:
 PSYoungGen      total 4608K, used 4201K [0x00000000d5580000, 0x00000000d5d00000, 0x0000000100000000)
  eden space 3584K, 90% used [0x00000000d5580000,0x00000000d58aba08,0x00000000d5900000)
  from space 1024K, 93% used [0x00000000d5900000,0x00000000d59f0000,0x00000000d5a00000)
  to   space 1536K, 0% used [0x00000000d5b80000,0x00000000d5b80000,0x00000000d5d00000)
 ParOldGen       total 453120K, used 196783K [0x0000000080000000, 0x000000009ba80000, 0x00000000d5580000)
  object space 453120K, 43% used [0x0000000080000000,0x000000008c02bce8,0x000000009ba80000)
 Metaspace       used 77363K, committed 79104K, reserved 1179648K
  class space    used 8027K, committed 8832K, reserved 1048576K

Card table byte_map: [0x0000027fb81b0000,0x0000027fb85c0000] _byte_map_base: 0x0000027fb7db0000

Marking Bits: (ParMarkBitMap*) 0x00007ffe4a6c4460
 Begin Bits: [0x0000027fcacc0000, 0x0000027fcccc0000)
 End Bits:   [0x0000027fcccc0000, 0x0000027fcecc0000)

Polling page: 0x0000027fb6680000

Metaspace:

Usage:
  Non-class:     67.71 MB used.
      Class:      7.84 MB used.
       Both:     75.55 MB used.

Virtual space:
  Non-class space:      128.00 MB reserved,      68.62 MB ( 54%) committed,  2 nodes.
      Class space:        1.00 GB reserved,       8.62 MB ( <1%) committed,  1 nodes.
             Both:        1.12 GB reserved,      77.25 MB (  7%) committed. 

Chunk freelists:
   Non-Class:  10.87 MB
       Class:  7.29 MB
        Both:  18.15 MB

MaxMetaspaceSize: unlimited
CompressedClassSpaceSize: 1.00 GB
Initial GC threshold: 21.00 MB
Current GC threshold: 125.25 MB
CDS: on
 - commit_granule_bytes: 65536.
 - commit_granule_words: 8192.
 - virtual_space_node_default_size: 8388608.
 - enlarge_chunks_in_place: 1.
 - use_allocation_guard: 0.


Internal statistics:

num_allocs_failed_limit: 9.
num_arena_births: 1602.
num_arena_deaths: 52.
num_vsnodes_births: 3.
num_vsnodes_deaths: 0.
num_space_committed: 1236.
num_space_uncommitted: 0.
num_chunks_returned_to_freelist: 72.
num_chunks_taken_from_freelist: 5591.
num_chunk_merges: 16.
num_chunk_splits: 3306.
num_chunks_enlarged: 1751.
num_inconsistent_stats: 0.

CodeHeap 'non-profiled nmethods': size=120000Kb used=15239Kb max_used=15239Kb free=104760Kb
 bounds [0x0000027fc34e0000, 0x0000027fc43d0000, 0x0000027fcaa10000]
CodeHeap 'profiled nmethods': size=120000Kb used=40177Kb max_used=40177Kb free=79822Kb
 bounds [0x0000027fbba10000, 0x0000027fbe150000, 0x0000027fc2f40000]
CodeHeap 'non-nmethods': size=5760Kb used=1478Kb max_used=1638Kb free=4281Kb
 bounds [0x0000027fc2f40000, 0x0000027fc31b0000, 0x0000027fc34e0000]
CodeCache: size=245760Kb, used=56894Kb, max_used=57054Kb, free=188863Kb
 total_blobs=17518, nmethods=16717, adapters=703, full_count=0
Compilation: enabled, stopped_count=0, restarted_count=0

Compilation events (20 events):
Event: 164.603 Thread 0x0000028011573fc0 18556       4       org.eclipse.jdt.internal.compiler.parser.Scanner::setSource (65 bytes)
Event: 164.603 Thread 0x0000028011573fc0 nmethod 18556 0x0000027fc43c0f90 code [0x0000027fc43c1120, 0x0000027fc43c1210]
Event: 165.448 Thread 0x0000028011573fc0 18562       4       org.eclipse.jdt.internal.core.JarPackageFragmentRoot::calculateHashCode (16 bytes)
Event: 165.450 Thread 0x0000027fb88ce8a0 18563       3       org.eclipse.jdt.internal.compiler.ast.ImportReference::<init> (62 bytes)
Event: 165.450 Thread 0x0000027fb88ce8a0 nmethod 18563 0x0000027fbe139910 code [0x0000027fbe139ac0, 0x0000027fbe139d68]
Event: 165.453 Thread 0x0000027fb88ce8a0 18565       3       org.eclipse.jdt.internal.compiler.parser.Parser::jumpOverMethodBody (23 bytes)
Event: 165.453 Thread 0x0000027fb88ce8a0 nmethod 18565 0x0000027fbe139e90 code [0x0000027fbe13a040, 0x0000027fbe13a1c0]
Event: 165.454 Thread 0x0000028011573fc0 nmethod 18562 0x0000027fc43c1290 code [0x0000027fc43c1440, 0x0000027fc43c1698]
Event: 165.454 Thread 0x0000028011573fc0 18564   !   4       org.eclipse.jdt.internal.compiler.parser.Scanner::getNextCharAsDigit (129 bytes)
Event: 165.456 Thread 0x0000028011573fc0 nmethod 18564 0x0000027fc43c1890 code [0x0000027fc43c1a20, 0x0000027fc43c1be8]
Event: 165.456 Thread 0x0000027fb88ce8a0 18566       3       org.eclipse.jdt.internal.core.JavaProject::getModuleDescription (234 bytes)
Event: 165.463 Thread 0x0000028011573fc0 18567       4       org.eclipse.jdt.internal.compiler.lookup.SplitPackageBinding::getPackage0 (109 bytes)
Event: 165.463 Thread 0x0000027fb88ce8a0 nmethod 18566 0x0000027fbe13a290 code [0x0000027fbe13a620, 0x0000027fbe13bec8]
Event: 165.481 Thread 0x0000027fb88ce8a0 18569       3       org.eclipse.jdt.internal.compiler.parser.Parser::consumeImportDeclaration (76 bytes)
Event: 165.481 Thread 0x0000027fb88ce8a0 nmethod 18569 0x0000027fbe13c810 code [0x0000027fbe13c9e0, 0x0000027fbe13ce58]
Event: 165.486 Thread 0x0000027fb88ce8a0 18571       3       java.lang.invoke.LambdaForm$MH/0x0000027fd17c0000::invoke (42 bytes)
Event: 165.487 Thread 0x0000027fb88ce8a0 nmethod 18571 0x0000027fbe13d010 code [0x0000027fbe13d2a0, 0x0000027fbe13e020]
Event: 165.487 Thread 0x0000027fb88ce8a0 18574       3       org.eclipse.jdt.internal.compiler.parser.Parser::consumeEnterVariable (804 bytes)
Event: 165.489 Thread 0x0000027fb88ce8a0 nmethod 18574 0x0000027fbe13e490 code [0x0000027fbe13e840, 0x0000027fbe1407d8]
Event: 165.490 Thread 0x0000027fb88ce8a0 18580       3       jdk.internal.reflect.ConstantPool::getIntAt (10 bytes)

GC Heap History (20 events):
Event: 158.639 GC heap after
{Heap after GC invocations=883 (full 4):
 PSYoungGen      total 4608K, used 448K [0x00000000d5580000, 0x00000000d5b00000, 0x0000000100000000)
  eden space 3584K, 0% used [0x00000000d5580000,0x00000000d5580000,0x00000000d5900000)
  from space 1024K, 43% used [0x00000000d5900000,0x00000000d5970000,0x00000000d5a00000)
  to   space 1024K, 0% used [0x00000000d5a00000,0x00000000d5a00000,0x00000000d5b00000)
 ParOldGen       total 453120K, used 186308K [0x0000000080000000, 0x000000009ba80000, 0x00000000d5580000)
  object space 453120K, 41% used [0x0000000080000000,0x000000008b5f1030,0x000000009ba80000)
 Metaspace       used 76850K, committed 78592K, reserved 1179648K
  class space    used 7954K, committed 8768K, reserved 1048576K
}
Event: 158.985 GC heap before
{Heap before GC invocations=884 (full 4):
 PSYoungGen      total 4608K, used 4032K [0x00000000d5580000, 0x00000000d5b00000, 0x0000000100000000)
  eden space 3584K, 100% used [0x00000000d5580000,0x00000000d5900000,0x00000000d5900000)
  from space 1024K, 43% used [0x00000000d5900000,0x00000000d5970000,0x00000000d5a00000)
  to   space 1024K, 0% used [0x00000000d5a00000,0x00000000d5a00000,0x00000000d5b00000)
 ParOldGen       total 453120K, used 186308K [0x0000000080000000, 0x000000009ba80000, 0x00000000d5580000)
  object space 453120K, 41% used [0x0000000080000000,0x000000008b5f1030,0x000000009ba80000)
 Metaspace       used 77054K, committed 78720K, reserved 1179648K
  class space    used 8000K, committed 8768K, reserved 1048576K
}
Event: 158.986 GC heap after
{Heap after GC invocations=884 (full 4):
 PSYoungGen      total 4608K, used 669K [0x00000000d5580000, 0x00000000d5b00000, 0x0000000100000000)
  eden space 3584K, 0% used [0x00000000d5580000,0x00000000d5580000,0x00000000d5900000)
  from space 1024K, 65% used [0x00000000d5a00000,0x00000000d5aa7620,0x00000000d5b00000)
  to   space 1024K, 0% used [0x00000000d5900000,0x00000000d5900000,0x00000000d5a00000)
 ParOldGen       total 453120K, used 186572K [0x0000000080000000, 0x000000009ba80000, 0x00000000d5580000)
  object space 453120K, 41% used [0x0000000080000000,0x000000008b633350,0x000000009ba80000)
 Metaspace       used 77054K, committed 78720K, reserved 1179648K
  class space    used 8000K, committed 8768K, reserved 1048576K
}
Event: 159.004 GC heap before
{Heap before GC invocations=885 (full 4):
 PSYoungGen      total 4608K, used 4253K [0x00000000d5580000, 0x00000000d5b00000, 0x0000000100000000)
  eden space 3584K, 100% used [0x00000000d5580000,0x00000000d5900000,0x00000000d5900000)
  from space 1024K, 65% used [0x00000000d5a00000,0x00000000d5aa7620,0x00000000d5b00000)
  to   space 1024K, 0% used [0x00000000d5900000,0x00000000d5900000,0x00000000d5a00000)
 ParOldGen       total 453120K, used 186572K [0x0000000080000000, 0x000000009ba80000, 0x00000000d5580000)
  object space 453120K, 41% used [0x0000000080000000,0x000000008b633350,0x000000009ba80000)
 Metaspace       used 77054K, committed 78720K, reserved 1179648K
  class space    used 8000K, committed 8768K, reserved 1048576K
}
Event: 159.005 GC heap after
{Heap after GC invocations=885 (full 4):
 PSYoungGen      total 4608K, used 592K [0x00000000d5580000, 0x00000000d5b00000, 0x0000000100000000)
  eden space 3584K, 0% used [0x00000000d5580000,0x00000000d5580000,0x00000000d5900000)
  from space 1024K, 57% used [0x00000000d5900000,0x00000000d5994010,0x00000000d5a00000)
  to   space 1024K, 0% used [0x00000000d5a00000,0x00000000d5a00000,0x00000000d5b00000)
 ParOldGen       total 453120K, used 187158K [0x0000000080000000, 0x000000009ba80000, 0x00000000d5580000)
  object space 453120K, 41% used [0x0000000080000000,0x000000008b6c5b90,0x000000009ba80000)
 Metaspace       used 77054K, committed 78720K, reserved 1179648K
  class space    used 8000K, committed 8768K, reserved 1048576K
}
Event: 159.022 GC heap before
{Heap before GC invocations=886 (full 4):
 PSYoungGen      total 4608K, used 4176K [0x00000000d5580000, 0x00000000d5b00000, 0x0000000100000000)
  eden space 3584K, 100% used [0x00000000d5580000,0x00000000d5900000,0x00000000d5900000)
  from space 1024K, 57% used [0x00000000d5900000,0x00000000d5994010,0x00000000d5a00000)
  to   space 1024K, 0% used [0x00000000d5a00000,0x00000000d5a00000,0x00000000d5b00000)
 ParOldGen       total 453120K, used 187158K [0x0000000080000000, 0x000000009ba80000, 0x00000000d5580000)
  object space 453120K, 41% used [0x0000000080000000,0x000000008b6c5b90,0x000000009ba80000)
 Metaspace       used 77054K, committed 78720K, reserved 1179648K
  class space    used 8000K, committed 8768K, reserved 1048576K
}
Event: 159.023 GC heap after
{Heap after GC invocations=886 (full 4):
 PSYoungGen      total 4608K, used 512K [0x00000000d5580000, 0x00000000d5b00000, 0x0000000100000000)
  eden space 3584K, 0% used [0x00000000d5580000,0x00000000d5580000,0x00000000d5900000)
  from space 1024K, 50% used [0x00000000d5a00000,0x00000000d5a80000,0x00000000d5b00000)
  to   space 1024K, 0% used [0x00000000d5900000,0x00000000d5900000,0x00000000d5a00000)
 ParOldGen       total 453120K, used 187658K [0x0000000080000000, 0x000000009ba80000, 0x00000000d5580000)
  object space 453120K, 41% used [0x0000000080000000,0x000000008b742bc0,0x000000009ba80000)
 Metaspace       used 77054K, committed 78720K, reserved 1179648K
  class space    used 8000K, committed 8768K, reserved 1048576K
}
Event: 159.096 GC heap before
{Heap before GC invocations=887 (full 4):
 PSYoungGen      total 4608K, used 4095K [0x00000000d5580000, 0x00000000d5b00000, 0x0000000100000000)
  eden space 3584K, 99% used [0x00000000d5580000,0x00000000d58ffff8,0x00000000d5900000)
  from space 1024K, 50% used [0x00000000d5a00000,0x00000000d5a80000,0x00000000d5b00000)
  to   space 1024K, 0% used [0x00000000d5900000,0x00000000d5900000,0x00000000d5a00000)
 ParOldGen       total 453120K, used 187658K [0x0000000080000000, 0x000000009ba80000, 0x00000000d5580000)
  object space 453120K, 41% used [0x0000000080000000,0x000000008b742bc0,0x000000009ba80000)
 Metaspace       used 77115K, committed 78784K, reserved 1179648K
  class space    used 8001K, committed 8768K, reserved 1048576K
}
Event: 159.097 GC heap after
{Heap after GC invocations=887 (full 4):
 PSYoungGen      total 4608K, used 994K [0x00000000d5580000, 0x00000000d5e00000, 0x0000000100000000)
  eden space 3584K, 0% used [0x00000000d5580000,0x00000000d5580000,0x00000000d5900000)
  from space 1024K, 97% used [0x00000000d5900000,0x00000000d59f88d0,0x00000000d5a00000)
  to   space 2560K, 0% used [0x00000000d5b80000,0x00000000d5b80000,0x00000000d5e00000)
 ParOldGen       total 453120K, used 188515K [0x0000000080000000, 0x000000009ba80000, 0x00000000d5580000)
  object space 453120K, 41% used [0x0000000080000000,0x000000008b818c20,0x000000009ba80000)
 Metaspace       used 77115K, committed 78784K, reserved 1179648K
  class space    used 8001K, committed 8768K, reserved 1048576K
}
Event: 159.128 GC heap before
{Heap before GC invocations=888 (full 4):
 PSYoungGen      total 4608K, used 4578K [0x00000000d5580000, 0x00000000d5e00000, 0x0000000100000000)
  eden space 3584K, 99% used [0x00000000d5580000,0x00000000d58fffc8,0x00000000d5900000)
  from space 1024K, 97% used [0x00000000d5900000,0x00000000d59f88d0,0x00000000d5a00000)
  to   space 2560K, 0% used [0x00000000d5b80000,0x00000000d5b80000,0x00000000d5e00000)
 ParOldGen       total 453120K, used 188515K [0x0000000080000000, 0x000000009ba80000, 0x00000000d5580000)
  object space 453120K, 41% used [0x0000000080000000,0x000000008b818c20,0x000000009ba80000)
 Metaspace       used 77136K, committed 78784K, reserved 1179648K
  class space    used 8004K, committed 8768K, reserved 1048576K
}
Event: 159.130 GC heap after
{Heap after GC invocations=888 (full 4):
 PSYoungGen      total 4608K, used 674K [0x00000000d5580000, 0x00000000d5c80000, 0x0000000100000000)
  eden space 3584K, 0% used [0x00000000d5580000,0x00000000d5580000,0x00000000d5900000)
  from space 1024K, 65% used [0x00000000d5b80000,0x00000000d5c288d0,0x00000000d5c80000)
  to   space 1536K, 0% used [0x00000000d5980000,0x00000000d5980000,0x00000000d5b00000)
 ParOldGen       total 453120K, used 188879K [0x0000000080000000, 0x000000009ba80000, 0x00000000d5580000)
  object space 453120K, 41% used [0x0000000080000000,0x000000008b873e40,0x000000009ba80000)
 Metaspace       used 77136K, committed 78784K, reserved 1179648K
  class space    used 8004K, committed 8768K, reserved 1048576K
}
Event: 159.144 GC heap before
{Heap before GC invocations=889 (full 4):
 PSYoungGen      total 4608K, used 4258K [0x00000000d5580000, 0x00000000d5c80000, 0x0000000100000000)
  eden space 3584K, 100% used [0x00000000d5580000,0x00000000d5900000,0x00000000d5900000)
  from space 1024K, 65% used [0x00000000d5b80000,0x00000000d5c288d0,0x00000000d5c80000)
  to   space 1536K, 0% used [0x00000000d5980000,0x00000000d5980000,0x00000000d5b00000)
 ParOldGen       total 453120K, used 188879K [0x0000000080000000, 0x000000009ba80000, 0x00000000d5580000)
  object space 453120K, 41% used [0x0000000080000000,0x000000008b873e40,0x000000009ba80000)
 Metaspace       used 77136K, committed 78784K, reserved 1179648K
  class space    used 8004K, committed 8768K, reserved 1048576K
}
Event: 159.146 GC heap after
{Heap after GC invocations=889 (full 4):
 PSYoungGen      total 5120K, used 1526K [0x00000000d5580000, 0x00000000d6200000, 0x0000000100000000)
  eden space 3584K, 0% used [0x00000000d5580000,0x00000000d5580000,0x00000000d5900000)
  from space 1536K, 99% used [0x00000000d5980000,0x00000000d5afd8f0,0x00000000d5b00000)
  to   space 4608K, 0% used [0x00000000d5d80000,0x00000000d5d80000,0x00000000d6200000)
 ParOldGen       total 453120K, used 190941K [0x0000000080000000, 0x000000009ba80000, 0x00000000d5580000)
  object space 453120K, 42% used [0x0000000080000000,0x000000008ba77720,0x000000009ba80000)
 Metaspace       used 77136K, committed 78784K, reserved 1179648K
  class space    used 8004K, committed 8768K, reserved 1048576K
}
Event: 159.156 GC heap before
{Heap before GC invocations=890 (full 4):
 PSYoungGen      total 5120K, used 5110K [0x00000000d5580000, 0x00000000d6200000, 0x0000000100000000)
  eden space 3584K, 100% used [0x00000000d5580000,0x00000000d5900000,0x00000000d5900000)
  from space 1536K, 99% used [0x00000000d5980000,0x00000000d5afd8f0,0x00000000d5b00000)
  to   space 4608K, 0% used [0x00000000d5d80000,0x00000000d5d80000,0x00000000d6200000)
 ParOldGen       total 453120K, used 190941K [0x0000000080000000, 0x000000009ba80000, 0x00000000d5580000)
  object space 453120K, 42% used [0x0000000080000000,0x000000008ba77720,0x000000009ba80000)
 Metaspace       used 77136K, committed 78784K, reserved 1179648K
  class space    used 8004K, committed 8768K, reserved 1048576K
}
Event: 159.161 GC heap after
{Heap after GC invocations=890 (full 4):
 PSYoungGen      total 7168K, used 3520K [0x00000000d5580000, 0x00000000d6100000, 0x0000000100000000)
  eden space 3584K, 0% used [0x00000000d5580000,0x00000000d5580000,0x00000000d5900000)
  from space 3584K, 98% used [0x00000000d5d80000,0x00000000d60f0000,0x00000000d6100000)
  to   space 4096K, 0% used [0x00000000d5900000,0x00000000d5900000,0x00000000d5d00000)
 ParOldGen       total 453120K, used 192508K [0x0000000080000000, 0x000000009ba80000, 0x00000000d5580000)
  object space 453120K, 42% used [0x0000000080000000,0x000000008bbff010,0x000000009ba80000)
 Metaspace       used 77136K, committed 78784K, reserved 1179648K
  class space    used 8004K, committed 8768K, reserved 1048576K
}
Event: 164.350 GC heap before
{Heap before GC invocations=891 (full 4):
 PSYoungGen      total 7168K, used 7104K [0x00000000d5580000, 0x00000000d6100000, 0x0000000100000000)
  eden space 3584K, 100% used [0x00000000d5580000,0x00000000d5900000,0x00000000d5900000)
  from space 3584K, 98% used [0x00000000d5d80000,0x00000000d60f0000,0x00000000d6100000)
  to   space 4096K, 0% used [0x00000000d5900000,0x00000000d5900000,0x00000000d5d00000)
 ParOldGen       total 453120K, used 192508K [0x0000000080000000, 0x000000009ba80000, 0x00000000d5580000)
  object space 453120K, 42% used [0x0000000080000000,0x000000008bbff010,0x000000009ba80000)
 Metaspace       used 77214K, committed 78976K, reserved 1179648K
  class space    used 8018K, committed 8832K, reserved 1048576K
}
Event: 164.352 GC heap after
{Heap after GC invocations=891 (full 4):
 PSYoungGen      total 4608K, used 756K [0x00000000d5580000, 0x00000000d5e00000, 0x0000000100000000)
  eden space 3584K, 0% used [0x00000000d5580000,0x00000000d5580000,0x00000000d5900000)
  from space 1024K, 73% used [0x00000000d5900000,0x00000000d59bd220,0x00000000d5a00000)
  to   space 2048K, 0% used [0x00000000d5c00000,0x00000000d5c00000,0x00000000d5e00000)
 ParOldGen       total 453120K, used 195948K [0x0000000080000000, 0x000000009ba80000, 0x00000000d5580000)
  object space 453120K, 43% used [0x0000000080000000,0x000000008bf5b010,0x000000009ba80000)
 Metaspace       used 77214K, committed 78976K, reserved 1179648K
  class space    used 8018K, committed 8832K, reserved 1048576K
}
Event: 165.457 GC heap before
{Heap before GC invocations=892 (full 4):
 PSYoungGen      total 4608K, used 4340K [0x00000000d5580000, 0x00000000d5e00000, 0x0000000100000000)
  eden space 3584K, 100% used [0x00000000d5580000,0x00000000d5900000,0x00000000d5900000)
  from space 1024K, 73% used [0x00000000d5900000,0x00000000d59bd220,0x00000000d5a00000)
  to   space 2048K, 0% used [0x00000000d5c00000,0x00000000d5c00000,0x00000000d5e00000)
 ParOldGen       total 453120K, used 195948K [0x0000000080000000, 0x000000009ba80000, 0x00000000d5580000)
  object space 453120K, 43% used [0x0000000080000000,0x000000008bf5b010,0x000000009ba80000)
 Metaspace       used 77294K, committed 79040K, reserved 1179648K
  class space    used 8019K, committed 8832K, reserved 1048576K
}
Event: 165.461 GC heap after
{Heap after GC invocations=892 (full 4):
 PSYoungGen      total 4608K, used 526K [0x00000000d5580000, 0x00000000d5d00000, 0x0000000100000000)
  eden space 3584K, 0% used [0x00000000d5580000,0x00000000d5580000,0x00000000d5900000)
  from space 1024K, 51% used [0x00000000d5c00000,0x00000000d5c83aa0,0x00000000d5d00000)
  to   space 1024K, 0% used [0x00000000d5900000,0x00000000d5900000,0x00000000d5a00000)
 ParOldGen       total 453120K, used 196380K [0x0000000080000000, 0x000000009ba80000, 0x00000000d5580000)
  object space 453120K, 43% used [0x0000000080000000,0x000000008bfc7010,0x000000009ba80000)
 Metaspace       used 77294K, committed 79040K, reserved 1179648K
  class space    used 8019K, committed 8832K, reserved 1048576K
}
Event: 165.490 GC heap before
{Heap before GC invocations=893 (full 4):
 PSYoungGen      total 4608K, used 4110K [0x00000000d5580000, 0x00000000d5d00000, 0x0000000100000000)
  eden space 3584K, 99% used [0x00000000d5580000,0x00000000d58fffb0,0x00000000d5900000)
  from space 1024K, 51% used [0x00000000d5c00000,0x00000000d5c83aa0,0x00000000d5d00000)
  to   space 1024K, 0% used [0x00000000d5900000,0x00000000d5900000,0x00000000d5a00000)
 ParOldGen       total 453120K, used 196380K [0x0000000080000000, 0x000000009ba80000, 0x00000000d5580000)
  object space 453120K, 43% used [0x0000000080000000,0x000000008bfc7010,0x000000009ba80000)
 Metaspace       used 77296K, committed 79040K, reserved 1179648K
  class space    used 8019K, committed 8832K, reserved 1048576K
}

Dll operation events (10 events):
Event: 0.298 Loaded shared library c:\Users\dell\.vscode\extensions\redhat.java-1.55.0-win32-x64\jre\21.0.11-win32-x86_64\bin\java.dll
Event: 0.546 Loaded shared library c:\Users\dell\.vscode\extensions\redhat.java-1.55.0-win32-x64\jre\21.0.11-win32-x86_64\bin\zip.dll
Event: 0.592 Loaded shared library C:\Users\dell\.vscode\extensions\redhat.java-1.55.0-win32-x64\jre\21.0.11-win32-x86_64\bin\instrument.dll
Event: 0.662 Loaded shared library C:\Users\dell\.vscode\extensions\redhat.java-1.55.0-win32-x64\jre\21.0.11-win32-x86_64\bin\net.dll
Event: 0.726 Loaded shared library C:\Users\dell\.vscode\extensions\redhat.java-1.55.0-win32-x64\jre\21.0.11-win32-x86_64\bin\nio.dll
Event: 0.732 Loaded shared library C:\Users\dell\.vscode\extensions\redhat.java-1.55.0-win32-x64\jre\21.0.11-win32-x86_64\bin\zip.dll
Event: 0.759 Loaded shared library C:\Users\dell\.vscode\extensions\redhat.java-1.55.0-win32-x64\jre\21.0.11-win32-x86_64\bin\jimage.dll
Event: 0.939 Loaded shared library c:\Users\dell\.vscode\extensions\redhat.java-1.55.0-win32-x64\jre\21.0.11-win32-x86_64\bin\verify.dll
Event: 10.738 Loaded shared library C:\Users\dell\AppData\Roaming\Code\User\globalStorage\redhat.java\1.55.0\config_win\org.eclipse.equinox.launcher\org.eclipse.equinox.launcher.win32.win32.x86_64_1.3.100.v20260613-0559\eclipse_11924.dll
Event: 29.985 Loaded shared library C:\Users\dell\AppData\Local\Temp\jna-3079617\jna2240294638640509104.dll

Deoptimization events (20 events):
Event: 159.127 Thread 0x000002801a022c60 DEOPT UNPACKING pc=0x0000027fc2f94242 sp=0x000000a4625fdd78 mode 0
Event: 159.127 Thread 0x000002801a025a50 DEOPT UNPACKING pc=0x0000027fc2f94242 sp=0x000000a4624fdd48 mode 0
Event: 159.127 Thread 0x00000280185e8e50 DEOPT PACKING pc=0x0000027fbcb91bd6 sp=0x000000a4627fedf0
Event: 159.127 Thread 0x00000280185e8e50 DEOPT UNPACKING pc=0x0000027fc2f94242 sp=0x000000a4627fe368 mode 0
Event: 159.127 Thread 0x00000280185e9b70 DEOPT PACKING pc=0x0000027fbcb91bd6 sp=0x000000a462cfed70
Event: 159.127 Thread 0x00000280185e9b70 DEOPT UNPACKING pc=0x0000027fc2f94242 sp=0x000000a462cfe2e8 mode 0
Event: 159.128 Thread 0x00000280185e7aa0 DEOPT PACKING pc=0x0000027fbcb91bd6 sp=0x000000a4626fedd0
Event: 159.128 Thread 0x000002801a0253c0 DEOPT PACKING pc=0x0000027fbcb91bd6 sp=0x000000a4623fe710
Event: 159.128 Thread 0x000002801a024d30 DEOPT PACKING pc=0x0000027fbcb91bd6 sp=0x000000a4622fee20
Event: 159.128 Thread 0x00000280185e7aa0 DEOPT UNPACKING pc=0x0000027fc2f94242 sp=0x000000a4626fe348 mode 0
Event: 159.128 Thread 0x00000280185e94e0 DEOPT PACKING pc=0x0000027fbcb91bd6 sp=0x000000a4628fe6e0
Event: 159.128 Thread 0x000002801a024d30 DEOPT UNPACKING pc=0x0000027fc2f94242 sp=0x000000a4622fe398 mode 0
Event: 159.128 Thread 0x000002801a0253c0 DEOPT UNPACKING pc=0x0000027fc2f94242 sp=0x000000a4623fdc88 mode 0
Event: 159.128 Thread 0x00000280185e94e0 DEOPT UNPACKING pc=0x0000027fc2f94242 sp=0x000000a4628fdc58 mode 0
Event: 159.153 Thread 0x00000280185e6060 DEOPT PACKING pc=0x0000027fbcb91bd6 sp=0x000000a462afee20
Event: 159.153 Thread 0x00000280185e6060 DEOPT UNPACKING pc=0x0000027fc2f94242 sp=0x000000a462afe398 mode 0
Event: 159.163 Thread 0x00000280185e8130 DEOPT PACKING pc=0x0000027fbcb91bd6 sp=0x000000a4629fe920
Event: 159.163 Thread 0x00000280185e8130 DEOPT UNPACKING pc=0x0000027fc2f94242 sp=0x000000a4629fde98 mode 0
Event: 162.582 Thread 0x000002801b52f9a0 DEOPT PACKING pc=0x0000027fbd69a410 sp=0x000000a4636fde40
Event: 162.582 Thread 0x000002801b52f9a0 DEOPT UNPACKING pc=0x0000027fc2f94242 sp=0x000000a4636fd2d0 mode 0

Classes loaded (20 events):
Event: 114.389 Loading class java/nio/file/attribute/PosixFileAttributeView
Event: 114.390 Loading class java/nio/file/attribute/PosixFileAttributeView done
Event: 114.390 Loading class java/nio/file/attribute/DosFileAttributeView
Event: 114.390 Loading class java/nio/file/attribute/DosFileAttributeView done
Event: 114.390 Loading class java/nio/file/attribute/UserDefinedFileAttributeView
Event: 114.391 Loading class java/nio/file/attribute/UserDefinedFileAttributeView done
Event: 114.436 Loading class java/nio/BufferMismatch
Event: 114.437 Loading class java/nio/BufferMismatch done
Event: 114.437 Loading class java/nio/file/attribute/PosixFileAttributes
Event: 114.438 Loading class java/nio/file/attribute/PosixFileAttributes done
Event: 129.808 Loading class jdk/internal/module/IllegalAccessLogger
Event: 129.808 Loading class jdk/internal/module/IllegalAccessLogger done
Event: 129.822 Loading class java/util/concurrent/ArrayBlockingQueue
Event: 129.823 Loading class java/util/concurrent/ArrayBlockingQueue done
Event: 129.981 Loading class sun/nio/ch/ChannelOutputStream
Event: 129.982 Loading class sun/nio/ch/ChannelOutputStream done
Event: 130.054 Loading class java/lang/Throwable$WrappedPrintWriter
Event: 130.054 Loading class java/lang/Throwable$PrintStreamOrWriter
Event: 130.055 Loading class java/lang/Throwable$PrintStreamOrWriter done
Event: 130.055 Loading class java/lang/Throwable$WrappedPrintWriter done

Classes unloaded (20 events):
Event: 30.846 Thread 0x0000027fb88aebe0 Unloading class 0x0000027fd11a2000 'java/lang/invoke/LambdaForm$DMH+0x0000027fd11a2000'
Event: 114.638 Thread 0x0000027fb88aebe0 Unloading class 0x0000027fd17c8000 'java/lang/invoke/LambdaForm$DMH+0x0000027fd17c8000'
Event: 114.638 Thread 0x0000027fb88aebe0 Unloading class 0x0000027fd17c1c00 'java/lang/invoke/LambdaForm$DMH+0x0000027fd17c1c00'
Event: 114.638 Thread 0x0000027fb88aebe0 Unloading class 0x0000027fd17c1400 'java/lang/invoke/LambdaForm$DMH+0x0000027fd17c1400'
Event: 114.638 Thread 0x0000027fb88aebe0 Unloading class 0x0000027fd17c1800 'java/lang/invoke/LambdaForm$DMH+0x0000027fd17c1800'
Event: 114.638 Thread 0x0000027fb88aebe0 Unloading class 0x0000027fd1789400 'java/lang/invoke/LambdaForm$DMH+0x0000027fd1789400'
Event: 114.638 Thread 0x0000027fb88aebe0 Unloading class 0x0000027fd1788c00 'java/lang/invoke/LambdaForm$DMH+0x0000027fd1788c00'
Event: 114.638 Thread 0x0000027fb88aebe0 Unloading class 0x0000027fd1788400 'java/lang/invoke/LambdaForm$DMH+0x0000027fd1788400'
Event: 114.638 Thread 0x0000027fb88aebe0 Unloading class 0x0000027fd177b800 'java/lang/invoke/LambdaForm$MH+0x0000027fd177b800'
Event: 114.638 Thread 0x0000027fb88aebe0 Unloading class 0x0000027fd177a800 'java/lang/invoke/LambdaForm$MH+0x0000027fd177a800'
Event: 114.638 Thread 0x0000027fb88aebe0 Unloading class 0x0000027fd177a400 'java/lang/invoke/LambdaForm$MH+0x0000027fd177a400'
Event: 114.638 Thread 0x0000027fb88aebe0 Unloading class 0x0000027fd1779800 'java/lang/invoke/LambdaForm$MH+0x0000027fd1779800'
Event: 114.638 Thread 0x0000027fb88aebe0 Unloading class 0x0000027fd1779400 'java/lang/invoke/LambdaForm$MH+0x0000027fd1779400'
Event: 114.638 Thread 0x0000027fb88aebe0 Unloading class 0x0000027fd1778800 'java/lang/invoke/LambdaForm$MH+0x0000027fd1778800'
Event: 114.638 Thread 0x0000027fb88aebe0 Unloading class 0x0000027fd1778000 'java/lang/invoke/LambdaForm$MH+0x0000027fd1778000'
Event: 114.638 Thread 0x0000027fb88aebe0 Unloading class 0x0000027fd1764800 'java/lang/invoke/LambdaForm$MH+0x0000027fd1764800'
Event: 114.638 Thread 0x0000027fb88aebe0 Unloading class 0x0000027fd1764000 'java/lang/invoke/LambdaForm$MH+0x0000027fd1764000'
Event: 114.638 Thread 0x0000027fb88aebe0 Unloading class 0x0000027fd1763800 'java/lang/invoke/LambdaForm$MH+0x0000027fd1763800'
Event: 114.638 Thread 0x0000027fb88aebe0 Unloading class 0x0000027fd1763400 'java/lang/invoke/LambdaForm$DMH+0x0000027fd1763400'
Event: 114.638 Thread 0x0000027fb88aebe0 Unloading class 0x0000027fd1744400 'java/lang/invoke/LambdaForm$DMH+0x0000027fd1744400'

Classes redefined (0 events):
No events

Internal exceptions (20 events):
Event: 112.236 Thread 0x000002801a023980 Exception <a 'sun/nio/fs/WindowsException'{0x00000000d58b4b68}> (0x00000000d58b4b68) 
thrown [s\src\hotspot\share\prims\jni.cpp, line 520]
Event: 112.236 Thread 0x000002801a023980 Exception <a 'sun/nio/fs/WindowsException'{0x00000000d58b5b60}> (0x00000000d58b5b60) 
thrown [s\src\hotspot\share\prims\jni.cpp, line 520]
Event: 112.239 Thread 0x000002801a023980 Exception <a 'sun/nio/fs/WindowsException'{0x00000000d58c7848}> (0x00000000d58c7848) 
thrown [s\src\hotspot\share\prims\jni.cpp, line 520]
Event: 112.239 Thread 0x000002801a023980 Exception <a 'sun/nio/fs/WindowsException'{0x00000000d58c8608}> (0x00000000d58c8608) 
thrown [s\src\hotspot\share\prims\jni.cpp, line 520]
Event: 112.613 Thread 0x00000280170b66a0 Exception <a 'sun/nio/fs/WindowsException'{0x00000000d56e0dd0}> (0x00000000d56e0dd0) 
thrown [s\src\hotspot\share\prims\jni.cpp, line 520]
Event: 112.622 Thread 0x00000280170b66a0 Exception <a 'sun/nio/fs/WindowsException'{0x00000000d5711598}> (0x00000000d5711598) 
thrown [s\src\hotspot\share\prims\jni.cpp, line 520]
Event: 112.647 Thread 0x00000280170b66a0 Exception <a 'java/lang/NoSuchMethodError'{0x00000000d5771f20}: 'java.lang.Object java.lang.invoke.DirectMethodHandle$Holder.newInvokeSpecial(java.lang.Object, java.lang.Object, int, java.lang.Object, java.lang.Object)'> (0x00000000d5771f20) 
thrown [s\src\hotspot\share\interpreter\linkResolver.cpp, line 773]
Event: 112.655 Thread 0x00000280170b66a0 Exception <a 'java/lang/NoSuchMethodError'{0x00000000d578b128}: 'java.lang.Object java.lang.invoke.DirectMethodHandle$Holder.invokeSpecial(java.lang.Object, java.lang.Object, java.lang.Object, int, java.lang.Object, java.lang.Object, java.lang.Object)'> (0x00000000d578b128) 
thrown [s\src\hotspot\share\interpreter\linkResolver.cpp, line 773]
Event: 112.678 Thread 0x00000280170b66a0 Exception <a 'java/lang/NoSuchMethodError'{0x00000000d58045b0}: 'void java.lang.invoke.DirectMethodHandle$Holder.invokeStatic(java.lang.Object, int)'> (0x00000000d58045b0) 
thrown [s\src\hotspot\share\interpreter\linkResolver.cpp, line 773]
Event: 113.490 Thread 0x00000280170b66a0 Exception <a 'java/io/FileNotFoundException'{0x00000000d5962ea8}> (0x00000000d5962ea8) 
thrown [s\src\hotspot\share\prims\jni.cpp, line 520]
Event: 113.491 Thread 0x00000280170b66a0 Exception <a 'java/io/FileNotFoundException'{0x00000000d5964138}> (0x00000000d5964138) 
thrown [s\src\hotspot\share\prims\jni.cpp, line 520]
Event: 113.491 Thread 0x00000280170b66a0 Exception <a 'java/io/FileNotFoundException'{0x00000000d5965120}> (0x00000000d5965120) 
thrown [s\src\hotspot\share\prims\jni.cpp, line 520]
Event: 113.529 Thread 0x00000280170b66a0 Implicit null exception at 0x0000027fc3dafbb5 to 0x0000027fc3db01f8
Event: 113.958 Thread 0x00000280170b66a0 Implicit null exception at 0x0000027fc39693c8 to 0x0000027fc396a0dc
Event: 114.315 Thread 0x00000280170b66a0 Implicit null exception at 0x0000027fc40c68a9 to 0x0000027fc40c68fa
Event: 130.286 Thread 0x00000280170b6010 Exception <a 'sun/nio/fs/WindowsException'{0x00000000d55c2308}> (0x00000000d55c2308) 
thrown [s\src\hotspot\share\prims\jni.cpp, line 520]
Event: 130.357 Thread 0x00000280170b6010 Implicit null exception at 0x0000027fc4277100 to 0x0000027fc42772d0
Event: 134.278 Thread 0x00000280170b7a50 Exception <a 'sun/nio/fs/WindowsException'{0x00000000d5588890}> (0x00000000d5588890) 
thrown [s\src\hotspot\share\prims\jni.cpp, line 520]
Event: 140.707 Thread 0x000002801a024010 Exception <a 'java/lang/IncompatibleClassChangeError'{0x00000000d59fae58}: Found class java.lang.Object, but interface was expected> (0x00000000d59fae58) 
thrown [s\src\hotspot\share\interpreter\linkResolver.cpp, line 840]
Event: 164.342 Thread 0x000002801b52f9a0 Exception <a 'java/lang/NoSuchMethodError'{0x00000000d580a5e0}: 'java.lang.Object java.lang.invoke.DirectMethodHandle$Holder.newInvokeSpecial(java.lang.Object, java.lang.Object, int, java.lang.Object, java.lang.Object, java.lang.Object, java.lang.Object)'> (0x00000000d580a5e0) 
thrown [s\src\hotspot\share\interpreter\linkResolver.cpp, line 773]

ZGC Phase Switch (0 events):
No events

VM Operations (20 events):
Event: 159.005 Executing safepoint VM operation: ParallelGCFailedAllocation (Allocation Failure) done
Event: 159.022 Executing safepoint VM operation: ParallelGCFailedAllocation (Allocation Failure)
Event: 159.023 Executing safepoint VM operation: ParallelGCFailedAllocation (Allocation Failure) done
Event: 159.096 Executing safepoint VM operation: ParallelGCFailedAllocation (Allocation Failure)
Event: 159.097 Executing safepoint VM operation: ParallelGCFailedAllocation (Allocation Failure) done
Event: 159.128 Executing safepoint VM operation: ParallelGCFailedAllocation (Allocation Failure)
Event: 159.130 Executing safepoint VM operation: ParallelGCFailedAllocation (Allocation Failure) done
Event: 159.144 Executing safepoint VM operation: ParallelGCFailedAllocation (Allocation Failure)
Event: 159.146 Executing safepoint VM operation: ParallelGCFailedAllocation (Allocation Failure) done
Event: 159.156 Executing safepoint VM operation: ParallelGCFailedAllocation (Allocation Failure)
Event: 159.161 Executing safepoint VM operation: ParallelGCFailedAllocation (Allocation Failure) done
Event: 163.189 Executing safepoint VM operation: Cleanup
Event: 163.189 Executing safepoint VM operation: Cleanup done
Event: 164.350 Executing safepoint VM operation: ParallelGCFailedAllocation (Allocation Failure)
Event: 164.352 Executing safepoint VM operation: ParallelGCFailedAllocation (Allocation Failure) done
Event: 165.366 Executing safepoint VM operation: Cleanup
Event: 165.366 Executing safepoint VM operation: Cleanup done
Event: 165.457 Executing safepoint VM operation: ParallelGCFailedAllocation (Allocation Failure)
Event: 165.461 Executing safepoint VM operation: ParallelGCFailedAllocation (Allocation Failure) done
Event: 165.490 Executing safepoint VM operation: ParallelGCFailedAllocation (Allocation Failure)

Memory protections (0 events):
No events

Nmethod flushes (20 events):
Event: 114.725 Thread 0x0000027fb88aebe0 flushing  nmethod 0x0000027fbc9c1610
Event: 114.725 Thread 0x0000027fb88aebe0 flushing  nmethod 0x0000027fbc9c1e90
Event: 114.725 Thread 0x0000027fb88aebe0 flushing  nmethod 0x0000027fbc9c5190
Event: 114.725 Thread 0x0000027fb88aebe0 flushing  nmethod 0x0000027fbc9d1390
Event: 114.725 Thread 0x0000027fb88aebe0 flushing osr nmethod 0x0000027fbc9e3e10
Event: 114.725 Thread 0x0000027fb88aebe0 flushing  nmethod 0x0000027fbc9ee510
Event: 114.725 Thread 0x0000027fb88aebe0 flushing  nmethod 0x0000027fbc9eee90
Event: 114.725 Thread 0x0000027fb88aebe0 flushing  nmethod 0x0000027fbc9f1190
Event: 114.725 Thread 0x0000027fb88aebe0 flushing  nmethod 0x0000027fbc9f6410
Event: 114.725 Thread 0x0000027fb88aebe0 flushing  nmethod 0x0000027fbc9ff010
Event: 114.725 Thread 0x0000027fb88aebe0 flushing  nmethod 0x0000027fbc9ff990
Event: 114.725 Thread 0x0000027fb88aebe0 flushing  nmethod 0x0000027fbca00190
Event: 114.725 Thread 0x0000027fb88aebe0 flushing  nmethod 0x0000027fbca0ab90
Event: 114.725 Thread 0x0000027fb88aebe0 flushing  nmethod 0x0000027fbca0b310
Event: 114.725 Thread 0x0000027fb88aebe0 flushing  nmethod 0x0000027fbca0b710
Event: 114.725 Thread 0x0000027fb88aebe0 flushing  nmethod 0x0000027fbca15810
Event: 114.725 Thread 0x0000027fb88aebe0 flushing  nmethod 0x0000027fbca5fd90
Event: 114.725 Thread 0x0000027fb88aebe0 flushing  nmethod 0x0000027fbcacf490
Event: 114.725 Thread 0x0000027fb88aebe0 flushing  nmethod 0x0000027fbcb98810
Event: 114.725 Thread 0x0000027fb88aebe0 flushing osr nmethod 0x0000027fbcb99890

Events (20 events):
Event: 129.617 Thread 0x00000280170b8770 Thread added: 0x000002801c181090
Event: 129.617 Thread 0x00000280170b8770 Thread added: 0x000002801c180a00
Event: 129.617 Thread 0x00000280170b8770 Thread added: 0x000002801c17fce0
Event: 129.825 Thread 0x00000280170b8770 Thread added: 0x000002801c17f650
Event: 132.079 Thread 0x000002802f1817a0 Thread exited: 0x000002802f1817a0
Event: 132.079 Thread 0x000002802f182540 Thread exited: 0x000002802f182540
Event: 132.088 Thread 0x0000028011573fc0 Thread added: 0x000002802f182540
Event: 132.142 Thread 0x0000027fb88ce8a0 Thread added: 0x000002802f1832e0
Event: 134.104 Thread 0x000002802f1832e0 Thread exited: 0x000002802f1832e0
Event: 134.104 Thread 0x000002802f182540 Thread exited: 0x000002802f182540
Event: 134.280 Thread 0x00000280170b7a50 Thread added: 0x000002801c180370
Event: 134.280 Thread 0x000002801c180370 Thread added: 0x000002801c181db0
Event: 134.302 Thread 0x0000027fb88ce8a0 Thread added: 0x000002802f1832e0
Event: 139.407 Thread 0x000002802f1832e0 Thread exited: 0x000002802f1832e0
Event: 155.020 Thread 0x0000027fb88ce8a0 Thread added: 0x000002802f1817a0
Event: 156.996 Thread 0x000002802f1817a0 Thread exited: 0x000002802f1817a0
Event: 157.056 Thread 0x0000027fb88ce8a0 Thread added: 0x0000028018d4c600
Event: 158.919 Thread 0x0000028018d4c600 Thread exited: 0x0000028018d4c600
Event: 158.978 Thread 0x0000027fb88ce8a0 Thread added: 0x0000028018d4e810
Event: 162.578 Thread 0x0000028018d4e810 Thread exited: 0x0000028018d4e810


Dynamic libraries:
0x00007ff6bb640000 - 0x00007ff6bb64e000 	c:\Users\dell\.vscode\extensions\redhat.java-1.55.0-win32-x64\jre\21.0.11-win32-x86_64\bin\java.exe
0x00007ffeab460000 - 0x00007ffeab6c6000 	C:\WINDOWS\SYSTEM32\ntdll.dll
0x00007ffea9960000 - 0x00007ffea9a29000 	C:\WINDOWS\System32\KERNEL32.DLL
0x00007ffea8860000 - 0x00007ffea8c5e000 	C:\WINDOWS\System32\KERNELBASE.dll
0x00007ffea8d30000 - 0x00007ffea8e7c000 	C:\WINDOWS\System32\ucrtbase.dll
0x00007ffe88940000 - 0x00007ffe8895e000 	c:\Users\dell\.vscode\extensions\redhat.java-1.55.0-win32-x64\jre\21.0.11-win32-x86_64\bin\VCRUNTIME140.dll
0x00007ffe7d0a0000 - 0x00007ffe7d0b8000 	c:\Users\dell\.vscode\extensions\redhat.java-1.55.0-win32-x64\jre\21.0.11-win32-x86_64\bin\jli.dll
0x00007ffeab010000 - 0x00007ffeab1d7000 	C:\WINDOWS\System32\USER32.dll
0x00007ffe90e80000 - 0x00007ffe91112000 	C:\WINDOWS\WinSxS\amd64_microsoft.windows.common-controls_6595b64144ccf1df_6.0.26100.8894_none_3e0f749ee32e02ea\COMCTL32.dll
0x00007ffea9160000 - 0x00007ffea9187000 	C:\WINDOWS\System32\win32u.dll
0x00007ffea9930000 - 0x00007ffea995b000 	C:\WINDOWS\System32\GDI32.dll
0x00007ffeab350000 - 0x00007ffeab3f9000 	C:\WINDOWS\System32\msvcrt.dll
0x00007ffea8680000 - 0x00007ffea87aa000 	C:\WINDOWS\System32\gdi32full.dll
0x00007ffea87b0000 - 0x00007ffea8853000 	C:\WINDOWS\System32\msvcp_win.dll
0x00007ffea98f0000 - 0x00007ffea9922000 	C:\WINDOWS\System32\IMM32.DLL
0x00007ffea53e0000 - 0x00007ffea53ec000 	c:\Users\dell\.vscode\extensions\redhat.java-1.55.0-win32-x64\jre\21.0.11-win32-x86_64\bin\vcruntime140_1.dll
0x00007ffe677e0000 - 0x00007ffe6786d000 	c:\Users\dell\.vscode\extensions\redhat.java-1.55.0-win32-x64\jre\21.0.11-win32-x86_64\bin\msvcp140.dll
0x00007ffe49a00000 - 0x00007ffe4a7a2000 	c:\Users\dell\.vscode\extensions\redhat.java-1.55.0-win32-x64\jre\21.0.11-win32-x86_64\bin\server\jvm.dll
0x00007ffea9250000 - 0x00007ffea9307000 	C:\WINDOWS\System32\ADVAPI32.dll
0x00007ffeaa360000 - 0x00007ffeaa40a000 	C:\WINDOWS\System32\sechost.dll
0x00007ffea9f60000 - 0x00007ffeaa078000 	C:\WINDOWS\System32\RPCRT4.dll
0x00007ffeaa6c0000 - 0x00007ffeaa740000 	C:\WINDOWS\System32\WS2_32.dll
0x00007ffea84e0000 - 0x00007ffea853e000 	C:\WINDOWS\SYSTEM32\POWRPROF.dll
0x00007ffe91300000 - 0x00007ffe91336000 	C:\WINDOWS\SYSTEM32\WINMM.dll
0x00007ffe98d30000 - 0x00007ffe98d3b000 	C:\WINDOWS\SYSTEM32\VERSION.dll
0x00007ffea84c0000 - 0x00007ffea84d4000 	C:\WINDOWS\SYSTEM32\UMPDC.dll
0x00007ffea7320000 - 0x00007ffea733b000 	C:\WINDOWS\SYSTEM32\kernel.appcore.dll
0x00007ffea53d0000 - 0x00007ffea53da000 	c:\Users\dell\.vscode\extensions\redhat.java-1.55.0-win32-x64\jre\21.0.11-win32-x86_64\bin\jimage.dll
0x00007ffe99cf0000 - 0x00007ffe99f32000 	C:\WINDOWS\SYSTEM32\DBGHELP.DLL
0x00007ffea9480000 - 0x00007ffea9803000 	C:\WINDOWS\System32\combase.dll
0x00007ffeaa080000 - 0x00007ffeaa159000 	C:\WINDOWS\System32\OLEAUT32.dll
0x00007ffe90a30000 - 0x00007ffe90a6b000 	C:\WINDOWS\SYSTEM32\dbgcore.DLL
0x00007ffea90a0000 - 0x00007ffea914c000 	C:\WINDOWS\System32\bcryptPrimitives.dll
0x00007ffe95fd0000 - 0x00007ffe95fdf000 	c:\Users\dell\.vscode\extensions\redhat.java-1.55.0-win32-x64\jre\21.0.11-win32-x86_64\bin\instrument.dll
0x00007ffe6cef0000 - 0x00007ffe6cf10000 	c:\Users\dell\.vscode\extensions\redhat.java-1.55.0-win32-x64\jre\21.0.11-win32-x86_64\bin\java.dll
0x00007ffeaa750000 - 0x00007ffeaaee2000 	C:\WINDOWS\System32\SHELL32.dll
0x00007ffea60e0000 - 0x00007ffea6972000 	C:\WINDOWS\SYSTEM32\windows.storage.dll
0x00007ffeab1e0000 - 0x00007ffeab2d7000 	C:\WINDOWS\System32\SHCORE.dll
0x00007ffeab2e0000 - 0x00007ffeab347000 	C:\WINDOWS\System32\shlwapi.dll
0x00007ffea85a0000 - 0x00007ffea85c9000 	C:\WINDOWS\SYSTEM32\profapi.dll
0x00007ffe679e0000 - 0x00007ffe679f8000 	c:\Users\dell\.vscode\extensions\redhat.java-1.55.0-win32-x64\jre\21.0.11-win32-x86_64\bin\zip.dll
0x00007ffe90620000 - 0x00007ffe90630000 	C:\Users\dell\.vscode\extensions\redhat.java-1.55.0-win32-x64\jre\21.0.11-win32-x86_64\bin\net.dll
0x00007ffea09e0000 - 0x00007ffea0b07000 	C:\WINDOWS\SYSTEM32\WINHTTP.dll
0x00007ffea78b0000 - 0x00007ffea791c000 	C:\WINDOWS\system32\mswsock.dll
0x00007ffe679c0000 - 0x00007ffe679d6000 	C:\Users\dell\.vscode\extensions\redhat.java-1.55.0-win32-x64\jre\21.0.11-win32-x86_64\bin\nio.dll
0x00007ffe90410000 - 0x00007ffe90420000 	c:\Users\dell\.vscode\extensions\redhat.java-1.55.0-win32-x64\jre\21.0.11-win32-x86_64\bin\verify.dll
0x00007ffe728a0000 - 0x00007ffe728e5000 	C:\Users\dell\AppData\Roaming\Code\User\globalStorage\redhat.java\1.55.0\config_win\org.eclipse.equinox.launcher\org.eclipse.equinox.launcher.win32.win32.x86_64_1.3.100.v20260613-0559\eclipse_11924.dll
0x00007ffeaa1c0000 - 0x00007ffeaa359000 	C:\WINDOWS\System32\ole32.dll
0x00007ffea7ce0000 - 0x00007ffea7cfb000 	C:\WINDOWS\SYSTEM32\CRYPTSP.dll
0x00007ffea7280000 - 0x00007ffea72b9000 	C:\WINDOWS\system32\rsaenh.dll
0x00007ffea7970000 - 0x00007ffea79a2000 	C:\WINDOWS\SYSTEM32\USERENV.dll
0x00007ffea8570000 - 0x00007ffea859a000 	C:\WINDOWS\SYSTEM32\bcrypt.dll
0x00007ffea7b20000 - 0x00007ffea7b2c000 	C:\WINDOWS\SYSTEM32\CRYPTBASE.dll
0x00007ffea6cd0000 - 0x00007ffea6d03000 	C:\WINDOWS\SYSTEM32\IPHLPAPI.DLL
0x00007ffeaaff0000 - 0x00007ffeaaffa000 	C:\WINDOWS\System32\NSI.dll
0x00007ffe55bc0000 - 0x00007ffe55c09000 	C:\Users\dell\AppData\Local\Temp\jna-3079617\jna2240294638640509104.dll
0x00007ffeab000000 - 0x00007ffeab008000 	C:\WINDOWS\System32\PSAPI.DLL
0x00007ffea0380000 - 0x00007ffea039d000 	C:\WINDOWS\SYSTEM32\dhcpcsvc6.DLL
0x00007ffea0350000 - 0x00007ffea0375000 	C:\WINDOWS\SYSTEM32\dhcpcsvc.DLL

JVMTI agents:
c:\Users\dell\.vscode\extensions\redhat.java-1.55.0-win32-x64\lombok\lombok-1.18.39-4050.jar path:c:\Users\dell\.vscode\extensions\redhat.java-1.55.0-win32-x64\jre\21.0.11-win32-x86_64\bin\instrument.dll, loaded, initialized, instrumentlib options:none

dbghelp: loaded successfully - version: 4.0.5 - missing functions: none
symbol engine: initialized successfully - sym options: 0x614 - pdb path: .;c:\Users\dell\.vscode\extensions\redhat.java-1.55.0-win32-x64\jre\21.0.11-win32-x86_64\bin;C:\WINDOWS\SYSTEM32;C:\WINDOWS\WinSxS\amd64_microsoft.windows.common-controls_6595b64144ccf1df_6.0.26100.8894_none_3e0f749ee32e02ea;c:\Users\dell\.vscode\extensions\redhat.java-1.55.0-win32-x64\jre\21.0.11-win32-x86_64\bin\server;C:\Users\dell\AppData\Roaming\Code\User\globalStorage\redhat.java\1.55.0\config_win\org.eclipse.equinox.launcher\org.eclipse.equinox.launcher.win32.win32.x86_64_1.3.100.v20260613-0559;C:\Users\dell\AppData\Local\Temp\jna-3079617

VM Arguments:
jvm_args: --add-modules=ALL-SYSTEM --add-opens=java.base/java.util=ALL-UNNAMED --add-opens=java.base/java.lang=ALL-UNNAMED --add-opens=java.base/sun.nio.fs=ALL-UNNAMED -Declipse.application=org.eclipse.jdt.ls.core.id1 -Dosgi.bundles.defaultStartLevel=4 -Declipse.product=org.eclipse.jdt.ls.core.product -Djava.import.generatesMetadataFilesAtProjectRoot=false -DDetectVMInstallationsJob.disabled=true -Dfile.encoding=utf8 -XX:+UseParallelGC -XX:GCTimeRatio=4 -XX:AdaptiveSizePolicyWeight=90 -Dsun.zip.disableMemoryMapping=true -Xmx2G -Xms100m -Xlog:disable -javaagent:c:\Users\dell\.vscode\extensions\redhat.java-1.55.0-win32-x64\lombok\lombok-1.18.39-4050.jar -XX:+HeapDumpOnOutOfMemoryError -XX:HeapDumpPath=c:\Users\dell\AppData\Roaming\Code\User\workspaceStorage\4b63d88c74b9dc77c269ff69c6fe27af\redhat.java -Daether.dependencyCollector.impl=bf 
java_command: c:\Users\dell\.vscode\extensions\redhat.java-1.55.0-win32-x64\server\plugins\org.eclipse.equinox.launcher_1.7.200.v20260619-2039.jar -configuration c:\Users\dell\AppData\Roaming\Code\User\globalStorage\redhat.java\1.55.0\config_win -data c:\Users\dell\AppData\Roaming\Code\User\workspaceStorage\4b63d88c74b9dc77c269ff69c6fe27af\redhat.java\jdt_ws --pipe=\\.\pipe\lsp-b4fa0f79349b58b69381eef6da5521da-sock
java_class_path (initial): c:\Users\dell\.vscode\extensions\redhat.java-1.55.0-win32-x64\server\plugins\org.eclipse.equinox.launcher_1.7.200.v20260619-2039.jar
Launcher Type: SUN_STANDARD

[Global flags]
    uintx AdaptiveSizePolicyWeight                 = 90                                        {product} {command line}
     intx CICompilerCount                          = 4                                         {product} {ergonomic}
    uintx GCTimeRatio                              = 4                                         {product} {command line}
     bool HeapDumpOnOutOfMemoryError               = true                                   {manageable} {command line}
    ccstr HeapDumpPath                             = c:\Users\dell\AppData\Roaming\Code\User\workspaceStorage\4b63d88c74b9dc77c269ff69c6fe27af\redhat.java         {manageable} {command line}
   size_t InitialHeapSize                          = 104857600                                 {product} {command line}
   size_t MaxHeapSize                              = 2147483648                                {product} {command line}
   size_t MaxNewSize                               = 715653120                                 {product} {ergonomic}
   size_t MinHeapDeltaBytes                        = 524288                                    {product} {ergonomic}
   size_t MinHeapSize                              = 104857600                                 {product} {command line}
   size_t NewSize                                  = 34603008                                  {product} {ergonomic}
    uintx NonNMethodCodeHeapSize                   = 5839372                                {pd product} {ergonomic}
    uintx NonProfiledCodeHeapSize                  = 122909434                              {pd product} {ergonomic}
   size_t OldSize                                  = 70254592                                  {product} {ergonomic}
    uintx ProfiledCodeHeapSize                     = 122909434                              {pd product} {ergonomic}
    uintx ReservedCodeCacheSize                    = 251658240                              {pd product} {ergonomic}
     bool SegmentedCodeCache                       = true                                      {product} {ergonomic}
   size_t SoftMaxHeapSize                          = 2147483648                             {manageable} {ergonomic}
     bool UseCompressedOops                        = true                           {product lp64_product} {ergonomic}
     bool UseLargePagesIndividualAllocation        = false                                  {pd product} {ergonomic}
     bool UseParallelGC                            = true                                      {product} {command line}

Logging:
Log output configuration:
 #0: stdout all=off uptime,level,tags foldmultilines=false
 #1: stderr all=off uptime,level,tags foldmultilines=false

Release file:
JAVA_VERSION="21.0.11" 
MODULES="java.base java.compiler java.datatransfer java.xml java.prefs java.desktop java.instrument java.logging java.management java.security.sasl java.naming java.rmi java.management.rmi java.net.http java.scripting java.security.jgss java.transaction.xa java.sql java.sql.rowset java.xml.crypto java.se java.smartcardio jdk.accessibility jdk.internal.jvmstat jdk.attach jdk.charsets jdk.internal.opt jdk.zipfs jdk.compiler jdk.crypto.ec jdk.crypto.cryptoki jdk.crypto.mscapi jdk.dynalink jdk.internal.ed jdk.editpad jdk.hotspot.agent jdk.httpserver jdk.internal.le jdk.internal.vm.ci jdk.internal.vm.compiler jdk.internal.vm.compiler.management jdk.jartool jdk.javadoc jdk.jcmd jdk.management jdk.management.agent jdk.jconsole jdk.jdeps jdk.jdwp.agent jdk.jdi jdk.jfr jdk.jshell jdk.jsobject jdk.jstatd jdk.localedata jdk.management.jfr jdk.naming.dns jdk.naming.rmi jdk.net jdk.nio.mapmode jdk.random jdk.sctp jdk.security.auth jdk.security.jgss jdk.unsupported jdk.unsupported.desktop jdk.xml.dom" 

Environment Variables:
JAVA_HOME=C:\Program Files\Java\jre1.8.0_471
PATH=C:\Program Files\Eclipse Adoptium\jdk-17.0.19.10-hotspot\bin;C:\ProgramData\Oracle\Java\javapath;C:\oraclexe\app\oracle\product\11.2.0\server\bin;C:\Program Files\Common Files\Oracle\Java\javapath;C:\Program Files (x86)\Common Files\Oracle\Java\java8path;C:\Program Files (x86)\Common Files\Oracle\Java\javapath;C:\Windows\system32;C:\Windows;C:\Windows\System32\Wbem;C:\Windows\System32\WindowsPowerShell\v1.0\;C:\Windows\System32\OpenSSH\;C:\Program Files (x86)\NVIDIA Corporation\PhysX\Common;C:\Program Files\Dart\dart-sdk\bin;C:\src\flutter\bin;C:\Program Files\Git\cmd;C:\Program Files\Microsoft SQL Server\Client SDK\ODBC\170\Tools\Binn\;C:\Program Files (x86)\Microsoft SQL Server\150\Tools\Binn\;C:\Program Files\Microsoft SQL Server\150\Tools\Binn\;C:\Program Files\Microsoft SQL Server\150\DTS\Binn\;C:\WINDOWS\system32;C:\WINDOWS;C:\WINDOWS\System32\Wbem;C:\WINDOWS\System32\WindowsPowerShell\v1.0\;C:\WINDOWS\System32\OpenSSH\;C:\Program Files (x86)\Microsoft SQL Server\160\Tools\Binn\;C:\Program Files\Microsoft SQL Server\160\Tools\Binn\;C:\Program Files\Microsoft SQL Server\160\DTS\Binn\;C:\Program Files\MongoDB\Server\8.2\bin;";C:\Visual8\Common7\IDE;C:\Visual8\VC\BIN;C:\Visual8\Common7\Tools;C:\Visual8\Com";C:\Python27\Scripts;C:\Python27;C:\Python27\Lib;C:\Python27\Tools\Scripts;C:\Cassandra\apache-cassandra-3.11.14\bin;C:\Program Files\7-Zip\;C:\Program Files\nodejs\;C:\Program Files\dotnet\;C:\Program Files\MySQL\MySQL Server 8.0\bin;C:\Program Files\Microsoft SQL Server\170\Tools\Binn\;C:\Program Files\Docker\Docker\resources\bin;C:\Program Files\MySQL\MySQL Shell 8.0\bin\;C:\Users\dell\AppData\Local\Microsoft\WindowsApps;C:\Users\dell\AppData\Local\Programs\Microsoft VS Code\bin;C:\Users\dell\AppData\Local\Pub\Cache\bin;C:\Users\dell\AppData\Local\GitHubDesktop\bin;C:\ProgramData\dell\GitHubDesktop\bin;C:\Users\dell\AppData\Local\Programs\mongosh\;C:\Users\dell\AppData\Roaming\npm;C:\Users\dell\.dotnet\tools
USERNAME=dell
LIBPATH=C:\Windows\Microsoft.NET\Framework\v2.0.50727;C:\Visual8\VC\ATLMFC\LIB;
OS=Windows_NT
PROCESSOR_IDENTIFIER=Intel64 Family 6 Model 158 Stepping 10, GenuineIntel
TMP=C:\Users\dell\AppData\Local\Temp
TEMP=C:\Users\dell\AppData\Local\Temp




Periodic native trim disabled

---------------  S Y S T E M  ---------------

OS:
 Windows 11 , 64 bit Build 26100 (10.0.26100.8875)
OS uptime: 1 days 8:28 hours
Hyper-V role detected

CPU: total 12 (initial active 12) (6 cores per cpu, 2 threads per core) family 6 model 158 stepping 10 microcode 0xf0, cx8, cmov, fxsr, ht, mmx, 3dnowpref, sse, sse2, sse3, ssse3, sse4.1, sse4.2, popcnt, lzcnt, tsc, tscinvbit, avx, avx2, aes, erms, clmul, bmi1, bmi2, rtm, adx, fma, vzeroupper, clflush, clflushopt, hv, rdtscp, f16c
Processor Information for the first 12 processors :
  Max Mhz: 2592, Current Mhz: 2592, Mhz Limit: 2592

Memory: 4k page, system-wide physical 16133M (351M free)
TotalPageFile size 28233M (AvailPageFile size 4M)
current process WorkingSet (physical memory assigned to process): 717M, peak: 762M
current process commit charge ("private bytes"): 782M, peak: 833M

vm_info: OpenJDK 64-Bit Server VM (21.0.11+10-LTS) for windows-amd64 JRE (21.0.11+10-LTS), built on 2026-04-21T00:00:00Z by "admin" with MS VC++ 17.12 (VS2022)

END.
